<MAP NAME="menu.map">
<!--Picture E:\JAGFILE.10\SOFTWARE\ICONS\MENU.GIF-->
<!--Comment -->
<AREA SHAPE="RECT" COORDS="6,6,31,29" HREF="../software.htm">
<!--Comment -->
<AREA SHAPE="RECT" COORDS="34,6,58,28" HREF="../software.htm#b">
<!--Comment -->
<AREA SHAPE="RECT" COORDS="62,6,86,28" HREF="software.htm#c">
<!--Comment -->
<AREA SHAPE="RECT" COORDS="90,5,115,29" HREF="software.htm#d">
<!--Comment -->
<AREA SHAPE="RECT" COORDS="118,6,143,28" HREF="software.htm#e">
<!--Comment -->
<AREA SHAPE="RECT" COORDS="145,6,171,29" HREF="software.htm#f">
<!--Comment -->
<AREA SHAPE="RECT" COORDS="174,5,198,30" HREF="software.htm#g">
<!--Comment -->
<AREA SHAPE="RECT" COORDS="202,5,227,30" HREF="software.htm#h">
<!--Comment -->
<AREA SHAPE="RECT" COORDS="230,5,256,30" HREF="software.htm#h">
<!--Comment -->
<AREA SHAPE="RECT" COORDS="258,5,284,28" HREF="software.htm#i">
<!--Comment -->
<AREA SHAPE="RECT" COORDS="287,6,311,28" HREF="software.htm#k">
<!--Comment -->
<AREA SHAPE="RECT" COORDS="314,5,338,29" HREF="software.htm#l">
<!--Comment -->
<AREA SHAPE="RECT" COORDS="342,6,368,29" HREF="software.htm#m">
<!--Comment -->
<AREA SHAPE="RECT" COORDS="370,6,395,30" HREF="software.htm#n">
<!--Comment -->
<AREA SHAPE="RECT" COORDS="398,6,426,29" HREF="software.htm#o">
<!--Comment -->
<AREA SHAPE="RECT" COORDS="427,5,450,29" HREF="software.htm#p">
<!--Comment -->
<AREA SHAPE="RECT" COORDS="454,6,479,28" HREF="software.htm#q">
<!--Comment -->
<AREA SHAPE="RECT" COORDS="483,6,506,29" HREF="software.htm#r">
<!--Comment -->
<AREA SHAPE="RECT" COORDS="510,6,536,28" HREF="software.htm#s">
<!--Comment -->
<AREA SHAPE="RECT" COORDS="538,6,563,29" HREF="software.htm#t">
<!--Comment -->
<AREA SHAPE="RECT" COORDS="566,6,591,29" HREF="software.htm#u">
<!--Comment -->
<AREA SHAPE="RECT" COORDS="594,6,619,30" HREF="software.htm#v">
<!--Comment -->
<AREA SHAPE="RECT" COORDS="622,6,646,30" HREF="software.htm#w">
<!--Comment -->
<AREA SHAPE="RECT" COORDS="649,5,674,30" HREF="software.htm#x">
<!--Comment -->
<AREA SHAPE="RECT" COORDS="678,6,703,29" HREF="software.htm#y">
<!--Comment -->
<AREA SHAPE="RECT" COORDS="706,6,732,29" HREF="software.htm#z">
</MAP>
